► checking prerequisites
✔ Kubernetes {{ .serverVersion }} >=1.25.0-0
✔ prerequisites checks passed
